[dotenv@17.3.1] injecting env (24) from .env -- tip: ≡ƒöÉ encrypt with Dotenvx: https://dotenvx.com
Successfully updated role constraint.
Admin already exists, updating password and role...
Admin updated.
